INFO:     Started server process [7858]
INFO:     Waiting for application startup.
07:52:23  INFO     insight-service       insight-service ready
INFO:     Application startup complete.
INFO:     Uvicorn running on http://0.0.0.0:9004 (Press CTRL+C to quit)
INFO:     127.0.0.1:56205 - "GET /health HTTP/1.1" 200 OK
INFO:     127.0.0.1:56221 - "GET /health HTTP/1.1" 200 OK
INFO:     127.0.0.1:56221 - "GET /health HTTP/1.1" 200 OK
INFO:     127.0.0.1:56221 - "GET /health HTTP/1.1" 200 OK
07:52:39  INFO     httpx                 HTTP Request: GET http://localhost:9001/customers/cust-001 "HTTP/1.1 200 OK"
07:52:39  INFO     httpx                 HTTP Request: GET http://localhost:9001/customers/cust-001/account "HTTP/1.1 200 OK"
07:52:39  INFO     httpx                 HTTP Request: GET http://localhost:9002/customers/cust-001/monthly?months=4 "HTTP/1.1 200 OK"
07:52:39  INFO     httpx                 HTTP Request: GET http://localhost:9002/customers/cust-001/recurring?months=3 "HTTP/1.1 200 OK"
07:52:39  INFO     httpx                 HTTP Request: GET http://localhost:9002/customers/cust-001/summary?month=2026-08 "HTTP/1.1 200 OK"
07:52:39  INFO     httpx                 HTTP Request: GET http://localhost:9002/customers/cust-001/transactions?month=2026-08 "HTTP/1.1 200 OK"
07:52:39  INFO     httpx                 HTTP Request: GET http://localhost:9002/customers/cust-001/transactions "HTTP/1.1 200 OK"
07:52:39  INFO     httpx                 HTTP Request: GET http://localhost:9002/customers/cust-001/summary?month=2026-05 "HTTP/1.1 200 OK"
07:52:39  INFO     httpx                 HTTP Request: GET http://localhost:9002/customers/cust-001/summary?month=2026-07 "HTTP/1.1 200 OK"
07:52:39  INFO     httpx                 HTTP Request: GET http://localhost:9002/customers/cust-001/summary?month=2026-06 "HTTP/1.1 200 OK"
07:52:39  INFO     httpx                 HTTP Request: GET http://localhost:9003/budgets/cust-001?month=2026-08 "HTTP/1.1 200 OK"
07:52:39  INFO     insight-service       GET /insights/cust-001/health -> 200 (63.3ms)
INFO:     127.0.0.1:56221 - "GET /insights/cust-001/health HTTP/1.1" 200 OK
07:52:39  INFO     httpx                 HTTP Request: GET http://localhost:9001/customers/cust-001 "HTTP/1.1 200 OK"
07:52:39  INFO     httpx                 HTTP Request: GET http://localhost:9002/customers/cust-001/summary?month=2026-08 "HTTP/1.1 200 OK"
07:52:39  INFO     httpx                 HTTP Request: GET http://localhost:9001/customers/cust-001/account "HTTP/1.1 200 OK"
07:52:39  INFO     httpx                 HTTP Request: GET http://localhost:9002/customers/cust-001/monthly?months=4 "HTTP/1.1 200 OK"
07:52:39  INFO     httpx                 HTTP Request: GET http://localhost:9003/budgets/cust-001?month=2026-08 "HTTP/1.1 200 OK"
07:52:39  INFO     httpx                 HTTP Request: GET http://localhost:9002/customers/cust-001/transactions "HTTP/1.1 200 OK"
07:52:39  INFO     httpx                 HTTP Request: GET http://localhost:9002/customers/cust-001/summary?month=2026-05 "HTTP/1.1 200 OK"
07:52:39  INFO     httpx                 HTTP Request: GET http://localhost:9002/customers/cust-001/summary?month=2026-07 "HTTP/1.1 200 OK"
07:52:39  INFO     httpx                 HTTP Request: GET http://localhost:9002/customers/cust-001/transactions?month=2026-08 "HTTP/1.1 200 OK"
07:52:39  INFO     httpx                 HTTP Request: GET http://localhost:9002/customers/cust-001/recurring?months=3 "HTTP/1.1 200 OK"
07:52:39  INFO     httpx                 HTTP Request: GET http://localhost:9002/customers/cust-001/summary?month=2026-06 "HTTP/1.1 200 OK"
07:52:39  INFO     insight-service       GET /insights/cust-001 -> 200 (9.1ms)
INFO:     127.0.0.1:56221 - "GET /insights/cust-001?limit=20 HTTP/1.1" 200 OK
07:52:39  INFO     httpx                 HTTP Request: GET http://localhost:9001/customers/cust-003 "HTTP/1.1 200 OK"
07:52:39  INFO     httpx                 HTTP Request: GET http://localhost:9002/customers/cust-003/summary?month=2026-08 "HTTP/1.1 200 OK"
07:52:39  INFO     httpx                 HTTP Request: GET http://localhost:9001/customers/cust-003/account "HTTP/1.1 200 OK"
07:52:39  INFO     httpx                 HTTP Request: GET http://localhost:9002/customers/cust-003/monthly?months=4 "HTTP/1.1 200 OK"
07:52:39  INFO     httpx                 HTTP Request: GET http://localhost:9003/budgets/cust-003?month=2026-08 "HTTP/1.1 200 OK"
07:52:39  INFO     httpx                 HTTP Request: GET http://localhost:9002/customers/cust-003/transactions "HTTP/1.1 200 OK"
07:52:39  INFO     httpx                 HTTP Request: GET http://localhost:9002/customers/cust-003/summary?month=2026-06 "HTTP/1.1 200 OK"
07:52:39  INFO     httpx                 HTTP Request: GET http://localhost:9002/customers/cust-003/recurring?months=3 "HTTP/1.1 200 OK"
07:52:39  INFO     httpx                 HTTP Request: GET http://localhost:9002/customers/cust-003/transactions?month=2026-08 "HTTP/1.1 200 OK"
07:52:39  INFO     httpx                 HTTP Request: GET http://localhost:9002/customers/cust-003/summary?month=2026-07 "HTTP/1.1 200 OK"
07:52:39  INFO     httpx                 HTTP Request: GET http://localhost:9002/customers/cust-003/summary?month=2026-05 "HTTP/1.1 200 OK"
07:52:39  INFO     insight-service       GET /insights/cust-003/health -> 200 (8.1ms)
INFO:     127.0.0.1:56221 - "GET /insights/cust-003/health HTTP/1.1" 200 OK
07:52:39  INFO     httpx                 HTTP Request: GET http://localhost:9001/customers/cust-003 "HTTP/1.1 200 OK"
07:52:39  INFO     httpx                 HTTP Request: GET http://localhost:9002/customers/cust-003/summary?month=2026-08 "HTTP/1.1 200 OK"
07:52:39  INFO     httpx                 HTTP Request: GET http://localhost:9001/customers/cust-003/account "HTTP/1.1 200 OK"
07:52:39  INFO     httpx                 HTTP Request: GET http://localhost:9002/customers/cust-003/monthly?months=4 "HTTP/1.1 200 OK"
07:52:39  INFO     httpx                 HTTP Request: GET http://localhost:9003/budgets/cust-003?month=2026-08 "HTTP/1.1 200 OK"
07:52:39  INFO     httpx                 HTTP Request: GET http://localhost:9002/customers/cust-003/transactions "HTTP/1.1 200 OK"
07:52:39  INFO     httpx                 HTTP Request: GET http://localhost:9002/customers/cust-003/summary?month=2026-06 "HTTP/1.1 200 OK"
07:52:39  INFO     httpx                 HTTP Request: GET http://localhost:9002/customers/cust-003/recurring?months=3 "HTTP/1.1 200 OK"
07:52:39  INFO     httpx                 HTTP Request: GET http://localhost:9002/customers/cust-003/transactions?month=2026-08 "HTTP/1.1 200 OK"
07:52:39  INFO     httpx                 HTTP Request: GET http://localhost:9002/customers/cust-003/summary?month=2026-07 "HTTP/1.1 200 OK"
07:52:39  INFO     httpx                 HTTP Request: GET http://localhost:9002/customers/cust-003/summary?month=2026-05 "HTTP/1.1 200 OK"
07:52:39  INFO     insight-service       GET /insights/cust-003 -> 200 (7.6ms)
INFO:     127.0.0.1:56221 - "GET /insights/cust-003?limit=20 HTTP/1.1" 200 OK
07:52:39  INFO     httpx                 HTTP Request: GET http://localhost:9001/customers/cust-002 "HTTP/1.1 200 OK"
07:52:39  INFO     httpx                 HTTP Request: GET http://localhost:9002/customers/cust-002/summary?month=2026-08 "HTTP/1.1 200 OK"
07:52:39  INFO     httpx                 HTTP Request: GET http://localhost:9001/customers/cust-002/account "HTTP/1.1 200 OK"
07:52:39  INFO     httpx                 HTTP Request: GET http://localhost:9002/customers/cust-002/monthly?months=4 "HTTP/1.1 200 OK"
07:52:39  INFO     httpx                 HTTP Request: GET http://localhost:9003/budgets/cust-002?month=2026-08 "HTTP/1.1 200 OK"
07:52:39  INFO     httpx                 HTTP Request: GET http://localhost:9002/customers/cust-002/transactions "HTTP/1.1 200 OK"
07:52:39  INFO     httpx                 HTTP Request: GET http://localhost:9002/customers/cust-002/summary?month=2026-06 "HTTP/1.1 200 OK"
07:52:39  INFO     httpx                 HTTP Request: GET http://localhost:9002/customers/cust-002/recurring?months=3 "HTTP/1.1 200 OK"
07:52:39  INFO     httpx                 HTTP Request: GET http://localhost:9002/customers/cust-002/transactions?month=2026-08 "HTTP/1.1 200 OK"
07:52:39  INFO     httpx                 HTTP Request: GET http://localhost:9002/customers/cust-002/summary?month=2026-07 "HTTP/1.1 200 OK"
07:52:39  INFO     httpx                 HTTP Request: GET http://localhost:9002/customers/cust-002/summary?month=2026-05 "HTTP/1.1 200 OK"
07:52:39  INFO     insight-service       GET /insights/cust-002/health -> 200 (8.3ms)
INFO:     127.0.0.1:56221 - "GET /insights/cust-002/health HTTP/1.1" 200 OK
07:52:39  INFO     httpx                 HTTP Request: GET http://localhost:9001/customers/cust-002 "HTTP/1.1 200 OK"
07:52:39  INFO     httpx                 HTTP Request: GET http://localhost:9002/customers/cust-002/summary?month=2026-08 "HTTP/1.1 200 OK"
07:52:39  INFO     httpx                 HTTP Request: GET http://localhost:9001/customers/cust-002/account "HTTP/1.1 200 OK"
07:52:39  INFO     httpx                 HTTP Request: GET http://localhost:9002/customers/cust-002/monthly?months=4 "HTTP/1.1 200 OK"
07:52:39  INFO     httpx                 HTTP Request: GET http://localhost:9003/budgets/cust-002?month=2026-08 "HTTP/1.1 200 OK"
07:52:39  INFO     httpx                 HTTP Request: GET http://localhost:9002/customers/cust-002/transactions "HTTP/1.1 200 OK"
07:52:39  INFO     httpx                 HTTP Request: GET http://localhost:9002/customers/cust-002/summary?month=2026-06 "HTTP/1.1 200 OK"
07:52:39  INFO     httpx                 HTTP Request: GET http://localhost:9002/customers/cust-002/recurring?months=3 "HTTP/1.1 200 OK"
07:52:39  INFO     httpx                 HTTP Request: GET http://localhost:9002/customers/cust-002/summary?month=2026-05 "HTTP/1.1 200 OK"
07:52:39  INFO     httpx                 HTTP Request: GET http://localhost:9002/customers/cust-002/summary?month=2026-07 "HTTP/1.1 200 OK"
07:52:39  INFO     httpx                 HTTP Request: GET http://localhost:9002/customers/cust-002/transactions?month=2026-08 "HTTP/1.1 200 OK"
07:52:39  INFO     insight-service       GET /insights/cust-002 -> 200 (7.7ms)
INFO:     127.0.0.1:56221 - "GET /insights/cust-002?limit=20 HTTP/1.1" 200 OK
07:52:39  INFO     httpx                 HTTP Request: GET http://localhost:9001/customers/cust-001 "HTTP/1.1 200 OK"
07:52:39  INFO     httpx                 HTTP Request: GET http://localhost:9002/customers/cust-001/summary?month=2026-08 "HTTP/1.1 200 OK"
07:52:39  INFO     httpx                 HTTP Request: GET http://localhost:9003/budgets/cust-001?month=2026-08 "HTTP/1.1 200 OK"
07:52:39  INFO     httpx                 HTTP Request: GET http://localhost:9001/customers/cust-001/account "HTTP/1.1 200 OK"
07:52:39  INFO     httpx                 HTTP Request: GET http://localhost:9002/customers/cust-001/monthly?months=4 "HTTP/1.1 200 OK"
07:52:39  INFO     httpx                 HTTP Request: GET http://localhost:9002/customers/cust-002/summary?month=2026-08 "HTTP/1.1 200 OK"
07:52:39  INFO     httpx                 HTTP Request: GET http://localhost:9001/customers/cust-003 "HTTP/1.1 200 OK"
07:52:39  INFO     httpx                 HTTP Request: GET http://localhost:9002/customers/cust-001/summary?month=2026-07 "HTTP/1.1 200 OK"
07:52:39  INFO     httpx                 HTTP Request: GET http://localhost:9002/customers/cust-003/monthly?months=4 "HTTP/1.1 200 OK"
07:52:39  INFO     httpx                 HTTP Request: GET http://localhost:9002/customers/cust-003/transactions?month=2026-08 "HTTP/1.1 200 OK"
07:52:39  INFO     httpx                 HTTP Request: GET http://localhost:9001/customers/cust-003/account "HTTP/1.1 200 OK"
07:52:39  INFO     httpx                 HTTP Request: GET http://localhost:9002/customers/cust-002/monthly?months=4 "HTTP/1.1 200 OK"
07:52:39  INFO     httpx                 HTTP Request: GET http://localhost:9002/customers/cust-002/summary?month=2026-07 "HTTP/1.1 200 OK"
07:52:39  INFO     httpx                 HTTP Request: GET http://localhost:9002/customers/cust-003/summary?month=2026-07 "HTTP/1.1 200 OK"
07:52:39  INFO     httpx                 HTTP Request: GET http://localhost:9002/customers/cust-001/summary?month=2026-05 "HTTP/1.1 200 OK"
07:52:39  INFO     httpx                 HTTP Request: GET http://localhost:9002/customers/cust-001/transactions?month=2026-08 "HTTP/1.1 200 OK"
07:52:39  INFO     httpx                 HTTP Request: GET http://localhost:9001/customers/cust-002 "HTTP/1.1 200 OK"
07:52:39  INFO     httpx                 HTTP Request: GET http://localhost:9001/customers/cust-002/account "HTTP/1.1 200 OK"
07:52:39  INFO     httpx                 HTTP Request: GET http://localhost:9003/budgets/cust-003?month=2026-08 "HTTP/1.1 200 OK"
07:52:39  INFO     httpx                 HTTP Request: GET http://localhost:9002/customers/cust-003/summary?month=2026-06 "HTTP/1.1 200 OK"
07:52:39  INFO     httpx                 HTTP Request: GET http://localhost:9002/customers/cust-002/transactions?month=2026-08 "HTTP/1.1 200 OK"
07:52:39  INFO     httpx                 HTTP Request: GET http://localhost:9002/customers/cust-002/transactions "HTTP/1.1 200 OK"
07:52:39  INFO     httpx                 HTTP Request: GET http://localhost:9002/customers/cust-003/summary?month=2026-08 "HTTP/1.1 200 OK"
07:52:39  INFO     httpx                 HTTP Request: GET http://localhost:9003/budgets/cust-002?month=2026-08 "HTTP/1.1 200 OK"
07:52:39  INFO     httpx                 HTTP Request: GET http://localhost:9002/customers/cust-002/recurring?months=3 "HTTP/1.1 200 OK"
07:52:39  INFO     httpx                 HTTP Request: GET http://localhost:9002/customers/cust-003/recurring?months=3 "HTTP/1.1 200 OK"
07:52:39  INFO     httpx                 HTTP Request: GET http://localhost:9002/customers/cust-001/transactions "HTTP/1.1 200 OK"
07:52:39  INFO     httpx                 HTTP Request: GET http://localhost:9002/customers/cust-003/summary?month=2026-05 "HTTP/1.1 200 OK"
07:52:39  INFO     httpx                 HTTP Request: GET http://localhost:9002/customers/cust-002/summary?month=2026-05 "HTTP/1.1 200 OK"
07:52:39  INFO     httpx                 HTTP Request: GET http://localhost:9002/customers/cust-003/transactions "HTTP/1.1 200 OK"
07:52:39  INFO     httpx                 HTTP Request: GET http://localhost:9002/customers/cust-001/summary?month=2026-06 "HTTP/1.1 200 OK"
07:52:39  INFO     httpx                 HTTP Request: GET http://localhost:9002/customers/cust-002/summary?month=2026-06 "HTTP/1.1 200 OK"
07:52:39  INFO     httpx                 HTTP Request: GET http://localhost:9002/customers/cust-001/recurring?months=3 "HTTP/1.1 200 OK"
07:52:39  INFO     insight-service       GET /insights/cust-003/snapshot -> 200 (25.5ms)
INFO:     127.0.0.1:56271 - "GET /insights/cust-003/snapshot HTTP/1.1" 200 OK
07:52:39  INFO     insight-service       GET /insights/cust-002/snapshot -> 200 (25.3ms)
INFO:     127.0.0.1:56272 - "GET /insights/cust-002/snapshot HTTP/1.1" 200 OK
07:52:39  INFO     insight-service       GET /insights/cust-001/snapshot -> 200 (28.7ms)
INFO:     127.0.0.1:56221 - "GET /insights/cust-001/snapshot HTTP/1.1" 200 OK
07:52:39  INFO     httpx                 HTTP Request: GET http://localhost:9001/customers/cust-001 "HTTP/1.1 200 OK"
07:52:39  INFO     httpx                 HTTP Request: GET http://localhost:9002/customers/cust-001/summary?month=2026-08 "HTTP/1.1 200 OK"
07:52:39  INFO     httpx                 HTTP Request: GET http://localhost:9003/budgets/cust-001?month=2026-08 "HTTP/1.1 200 OK"
07:52:39  INFO     httpx                 HTTP Request: GET http://localhost:9001/customers/cust-003 "HTTP/1.1 200 OK"
07:52:39  INFO     httpx                 HTTP Request: GET http://localhost:9002/customers/cust-003/summary?month=2026-08 "HTTP/1.1 200 OK"
07:52:39  INFO     httpx                 HTTP Request: GET http://localhost:9003/budgets/cust-003?month=2026-08 "HTTP/1.1 200 OK"
07:52:39  INFO     httpx                 HTTP Request: GET http://localhost:9001/customers/cust-003/account "HTTP/1.1 200 OK"
07:52:39  INFO     httpx                 HTTP Request: GET http://localhost:9002/customers/cust-001/transactions "HTTP/1.1 200 OK"
07:52:39  INFO     httpx                 HTTP Request: GET http://localhost:9002/customers/cust-001/transactions?month=2026-08 "HTTP/1.1 200 OK"
07:52:39  INFO     httpx                 HTTP Request: GET http://localhost:9001/customers/cust-001/account "HTTP/1.1 200 OK"
07:52:39  INFO     httpx                 HTTP Request: GET http://localhost:9001/customers/cust-002/account "HTTP/1.1 200 OK"
07:52:39  INFO     httpx                 HTTP Request: GET http://localhost:9002/customers/cust-003/transactions?month=2026-08 "HTTP/1.1 200 OK"
07:52:39  INFO     httpx                 HTTP Request: GET http://localhost:9003/budgets/cust-002?month=2026-08 "HTTP/1.1 200 OK"
07:52:39  INFO     httpx                 HTTP Request: GET http://localhost:9002/customers/cust-003/summary?month=2026-07 "HTTP/1.1 200 OK"
07:52:39  INFO     httpx                 HTTP Request: GET http://localhost:9001/customers/cust-002 "HTTP/1.1 200 OK"
07:52:39  INFO     httpx                 HTTP Request: GET http://localhost:9002/customers/cust-001/summary?month=2026-07 "HTTP/1.1 200 OK"
07:52:39  INFO     httpx                 HTTP Request: GET http://localhost:9002/customers/cust-003/summary?month=2026-05 "HTTP/1.1 200 OK"
07:52:39  INFO     httpx                 HTTP Request: GET http://localhost:9002/customers/cust-002/monthly?months=4 "HTTP/1.1 200 OK"
07:52:39  INFO     httpx                 HTTP Request: GET http://localhost:9002/customers/cust-003/summary?month=2026-06 "HTTP/1.1 200 OK"
07:52:39  INFO     httpx                 HTTP Request: GET http://localhost:9002/customers/cust-002/recurring?months=3 "HTTP/1.1 200 OK"
07:52:39  INFO     httpx                 HTTP Request: GET http://localhost:9002/customers/cust-002/summary?month=2026-08 "HTTP/1.1 200 OK"
07:52:39  INFO     httpx                 HTTP Request: GET http://localhost:9002/customers/cust-002/summary?month=2026-06 "HTTP/1.1 200 OK"
07:52:39  INFO     httpx                 HTTP Request: GET http://localhost:9002/customers/cust-001/recurring?months=3 "HTTP/1.1 200 OK"
07:52:39  INFO     httpx                 HTTP Request: GET http://localhost:9002/customers/cust-002/summary?month=2026-05 "HTTP/1.1 200 OK"
07:52:39  INFO     httpx                 HTTP Request: GET http://localhost:9002/customers/cust-002/transactions?month=2026-08 "HTTP/1.1 200 OK"
07:52:39  INFO     httpx                 HTTP Request: GET http://localhost:9002/customers/cust-002/transactions "HTTP/1.1 200 OK"
07:52:39  INFO     httpx                 HTTP Request: GET http://localhost:9002/customers/cust-001/summary?month=2026-05 "HTTP/1.1 200 OK"
07:52:39  INFO     httpx                 HTTP Request: GET http://localhost:9002/customers/cust-001/summary?month=2026-06 "HTTP/1.1 200 OK"
07:52:39  INFO     httpx                 HTTP Request: GET http://localhost:9002/customers/cust-003/recurring?months=3 "HTTP/1.1 200 OK"
07:52:39  INFO     httpx                 HTTP Request: GET http://localhost:9002/customers/cust-002/summary?month=2026-07 "HTTP/1.1 200 OK"
07:52:39  INFO     httpx                 HTTP Request: GET http://localhost:9002/customers/cust-003/monthly?months=4 "HTTP/1.1 200 OK"
07:52:39  INFO     httpx                 HTTP Request: GET http://localhost:9002/customers/cust-001/monthly?months=4 "HTTP/1.1 200 OK"
07:52:39  INFO     insight-service       GET /insights/cust-002/snapshot -> 200 (20.0ms)
INFO:     127.0.0.1:56272 - "GET /insights/cust-002/snapshot HTTP/1.1" 200 OK
07:52:39  INFO     httpx                 HTTP Request: GET http://localhost:9002/customers/cust-003/transactions "HTTP/1.1 200 OK"
07:52:39  INFO     insight-service       GET /insights/cust-001/snapshot -> 200 (23.6ms)
INFO:     127.0.0.1:56221 - "GET /insights/cust-001/snapshot HTTP/1.1" 200 OK
07:52:39  INFO     insight-service       GET /insights/cust-003/snapshot -> 200 (21.8ms)
INFO:     127.0.0.1:56271 - "GET /insights/cust-003/snapshot HTTP/1.1" 200 OK
07:52:40  INFO     httpx                 HTTP Request: GET http://localhost:9001/customers/cust-001 "HTTP/1.1 200 OK"
07:52:40  INFO     httpx                 HTTP Request: GET http://localhost:9002/customers/cust-001/summary?month=2026-08 "HTTP/1.1 200 OK"
07:52:40  INFO     httpx                 HTTP Request: GET http://localhost:9003/budgets/cust-001?month=2026-08 "HTTP/1.1 200 OK"
07:52:40  INFO     httpx                 HTTP Request: GET http://localhost:9001/customers/cust-003 "HTTP/1.1 200 OK"
07:52:40  INFO     httpx                 HTTP Request: GET http://localhost:9002/customers/cust-003/summary?month=2026-08 "HTTP/1.1 200 OK"
07:52:40  INFO     httpx                 HTTP Request: GET http://localhost:9003/budgets/cust-003?month=2026-08 "HTTP/1.1 200 OK"
07:52:40  INFO     httpx                 HTTP Request: GET http://localhost:9001/customers/cust-003/account "HTTP/1.1 200 OK"
07:52:40  INFO     httpx                 HTTP Request: GET http://localhost:9002/customers/cust-001/transactions "HTTP/1.1 200 OK"
07:52:40  INFO     httpx                 HTTP Request: GET http://localhost:9002/customers/cust-001/transactions?month=2026-08 "HTTP/1.1 200 OK"
07:52:40  INFO     httpx                 HTTP Request: GET http://localhost:9001/customers/cust-001/account "HTTP/1.1 200 OK"
07:52:40  INFO     httpx                 HTTP Request: GET http://localhost:9001/customers/cust-002/account "HTTP/1.1 200 OK"
07:52:40  INFO     httpx                 HTTP Request: GET http://localhost:9002/customers/cust-003/transactions?month=2026-08 "HTTP/1.1 200 OK"
07:52:40  INFO     httpx                 HTTP Request: GET http://localhost:9003/budgets/cust-002?month=2026-08 "HTTP/1.1 200 OK"
07:52:40  INFO     httpx                 HTTP Request: GET http://localhost:9002/customers/cust-003/summary?month=2026-07 "HTTP/1.1 200 OK"
07:52:40  INFO     httpx                 HTTP Request: GET http://localhost:9001/customers/cust-002 "HTTP/1.1 200 OK"
07:52:40  INFO     httpx                 HTTP Request: GET http://localhost:9002/customers/cust-001/summary?month=2026-07 "HTTP/1.1 200 OK"
07:52:40  INFO     httpx                 HTTP Request: GET http://localhost:9002/customers/cust-003/summary?month=2026-05 "HTTP/1.1 200 OK"
07:52:40  INFO     httpx                 HTTP Request: GET http://localhost:9002/customers/cust-001/summary?month=2026-06 "HTTP/1.1 200 OK"
07:52:40  INFO     httpx                 HTTP Request: GET http://localhost:9002/customers/cust-002/monthly?months=4 "HTTP/1.1 200 OK"
07:52:40  INFO     httpx                 HTTP Request: GET http://localhost:9002/customers/cust-003/summary?month=2026-06 "HTTP/1.1 200 OK"
07:52:40  INFO     httpx                 HTTP Request: GET http://localhost:9002/customers/cust-002/recurring?months=3 "HTTP/1.1 200 OK"
07:52:40  INFO     httpx                 HTTP Request: GET http://localhost:9002/customers/cust-002/summary?month=2026-07 "HTTP/1.1 200 OK"
07:52:40  INFO     httpx                 HTTP Request: GET http://localhost:9002/customers/cust-002/summary?month=2026-08 "HTTP/1.1 200 OK"
07:52:40  INFO     httpx                 HTTP Request: GET http://localhost:9002/customers/cust-001/summary?month=2026-05 "HTTP/1.1 200 OK"
07:52:40  INFO     httpx                 HTTP Request: GET http://localhost:9002/customers/cust-002/transactions "HTTP/1.1 200 OK"
07:52:40  INFO     httpx                 HTTP Request: GET http://localhost:9002/customers/cust-002/transactions?month=2026-08 "HTTP/1.1 200 OK"
07:52:40  INFO     httpx                 HTTP Request: GET http://localhost:9002/customers/cust-001/monthly?months=4 "HTTP/1.1 200 OK"
07:52:40  INFO     httpx                 HTTP Request: GET http://localhost:9002/customers/cust-002/summary?month=2026-05 "HTTP/1.1 200 OK"
07:52:40  INFO     httpx                 HTTP Request: GET http://localhost:9002/customers/cust-003/monthly?months=4 "HTTP/1.1 200 OK"
07:52:40  INFO     httpx                 HTTP Request: GET http://localhost:9002/customers/cust-003/recurring?months=3 "HTTP/1.1 200 OK"
07:52:40  INFO     httpx                 HTTP Request: GET http://localhost:9002/customers/cust-002/summary?month=2026-06 "HTTP/1.1 200 OK"
07:52:40  INFO     httpx                 HTTP Request: GET http://localhost:9002/customers/cust-003/transactions "HTTP/1.1 200 OK"
07:52:40  INFO     httpx                 HTTP Request: GET http://localhost:9002/customers/cust-001/recurring?months=3 "HTTP/1.1 200 OK"
07:52:40  INFO     insight-service       GET /insights/cust-002/snapshot -> 200 (20.6ms)
INFO:     127.0.0.1:56272 - "GET /insights/cust-002/snapshot HTTP/1.1" 200 OK
07:52:40  INFO     insight-service       GET /insights/cust-003/snapshot -> 200 (20.8ms)
INFO:     127.0.0.1:56271 - "GET /insights/cust-003/snapshot HTTP/1.1" 200 OK
07:52:40  INFO     insight-service       GET /insights/cust-001/snapshot -> 200 (23.0ms)
INFO:     127.0.0.1:56221 - "GET /insights/cust-001/snapshot HTTP/1.1" 200 OK
07:52:40  INFO     httpx                 HTTP Request: GET http://localhost:9001/customers/cust-003 "HTTP/1.1 200 OK"
07:52:40  INFO     httpx                 HTTP Request: GET http://localhost:9002/customers/cust-003/summary?month=2026-08 "HTTP/1.1 200 OK"
07:52:40  INFO     httpx                 HTTP Request: GET http://localhost:9001/customers/cust-003/account "HTTP/1.1 200 OK"
07:52:40  INFO     httpx                 HTTP Request: GET http://localhost:9002/customers/cust-003/monthly?months=4 "HTTP/1.1 200 OK"
07:52:40  INFO     httpx                 HTTP Request: GET http://localhost:9002/customers/cust-003/transactions "HTTP/1.1 200 OK"
07:52:40  INFO     httpx                 HTTP Request: GET http://localhost:9003/budgets/cust-003?month=2026-08 "HTTP/1.1 200 OK"
07:52:40  INFO     httpx                 HTTP Request: GET http://localhost:9002/customers/cust-003/summary?month=2026-05 "HTTP/1.1 200 OK"
07:52:40  INFO     httpx                 HTTP Request: GET http://localhost:9002/customers/cust-003/summary?month=2026-07 "HTTP/1.1 200 OK"
07:52:40  INFO     httpx                 HTTP Request: GET http://localhost:9002/customers/cust-003/transactions?month=2026-08 "HTTP/1.1 200 OK"
07:52:40  INFO     httpx                 HTTP Request: GET http://localhost:9002/customers/cust-003/recurring?months=3 "HTTP/1.1 200 OK"
07:52:40  INFO     httpx                 HTTP Request: GET http://localhost:9002/customers/cust-003/summary?month=2026-06 "HTTP/1.1 200 OK"
07:52:40  INFO     insight-service       GET /insights/cust-003/snapshot -> 200 (9.0ms)
INFO:     127.0.0.1:56221 - "GET /insights/cust-003/snapshot HTTP/1.1" 200 OK
INFO:     127.0.0.1:56221 - "GET /health HTTP/1.1" 200 OK
07:52:40  INFO     httpx                 HTTP Request: GET http://localhost:9001/customers/cust-001 "HTTP/1.1 200 OK"
07:52:40  INFO     httpx                 HTTP Request: GET http://localhost:9002/customers/cust-001/summary?month=2026-08 "HTTP/1.1 200 OK"
07:52:40  INFO     httpx                 HTTP Request: GET http://localhost:9001/customers/cust-001/account "HTTP/1.1 200 OK"
07:52:40  INFO     httpx                 HTTP Request: GET http://localhost:9002/customers/cust-001/monthly?months=4 "HTTP/1.1 200 OK"
07:52:40  INFO     httpx                 HTTP Request: GET http://localhost:9003/budgets/cust-001?month=2026-08 "HTTP/1.1 200 OK"
07:52:40  INFO     httpx                 HTTP Request: GET http://localhost:9002/customers/cust-001/transactions "HTTP/1.1 200 OK"
07:52:40  INFO     httpx                 HTTP Request: GET http://localhost:9002/customers/cust-001/summary?month=2026-05 "HTTP/1.1 200 OK"
07:52:40  INFO     httpx                 HTTP Request: GET http://localhost:9002/customers/cust-001/summary?month=2026-07 "HTTP/1.1 200 OK"
07:52:40  INFO     httpx                 HTTP Request: GET http://localhost:9002/customers/cust-001/transactions?month=2026-08 "HTTP/1.1 200 OK"
07:52:40  INFO     httpx                 HTTP Request: GET http://localhost:9002/customers/cust-001/recurring?months=3 "HTTP/1.1 200 OK"
07:52:40  INFO     httpx                 HTTP Request: GET http://localhost:9002/customers/cust-001/summary?month=2026-06 "HTTP/1.1 200 OK"
07:52:40  INFO     insight-service       GET /insights/cust-001/snapshot -> 200 (10.4ms)
INFO:     127.0.0.1:56292 - "GET /insights/cust-001/snapshot HTTP/1.1" 200 OK
07:52:40  INFO     httpx                 HTTP Request: GET http://localhost:9001/customers/cust-001 "HTTP/1.1 200 OK"
07:52:40  INFO     httpx                 HTTP Request: GET http://localhost:9002/customers/cust-001/summary?month=2026-08 "HTTP/1.1 200 OK"
07:52:40  INFO     httpx                 HTTP Request: GET http://localhost:9001/customers/cust-001/account "HTTP/1.1 200 OK"
07:52:40  INFO     httpx                 HTTP Request: GET http://localhost:9002/customers/cust-001/monthly?months=4 "HTTP/1.1 200 OK"
07:52:40  INFO     httpx                 HTTP Request: GET http://localhost:9003/budgets/cust-001?month=2026-08 "HTTP/1.1 200 OK"
07:52:40  INFO     httpx                 HTTP Request: GET http://localhost:9002/customers/cust-001/transactions "HTTP/1.1 200 OK"
07:52:40  INFO     httpx                 HTTP Request: GET http://localhost:9002/customers/cust-001/summary?month=2026-05 "HTTP/1.1 200 OK"
07:52:40  INFO     httpx                 HTTP Request: GET http://localhost:9002/customers/cust-001/summary?month=2026-07 "HTTP/1.1 200 OK"
07:52:40  INFO     httpx                 HTTP Request: GET http://localhost:9002/customers/cust-001/transactions?month=2026-08 "HTTP/1.1 200 OK"
07:52:40  INFO     httpx                 HTTP Request: GET http://localhost:9002/customers/cust-001/recurring?months=3 "HTTP/1.1 200 OK"
07:52:40  INFO     httpx                 HTTP Request: GET http://localhost:9002/customers/cust-001/summary?month=2026-06 "HTTP/1.1 200 OK"
07:52:40  INFO     insight-service       GET /insights/cust-001/snapshot -> 200 (8.7ms)
INFO:     127.0.0.1:56292 - "GET /insights/cust-001/snapshot HTTP/1.1" 200 OK
07:52:40  INFO     httpx                 HTTP Request: GET http://localhost:9001/customers/cust-002 "HTTP/1.1 200 OK"
07:52:40  INFO     httpx                 HTTP Request: GET http://localhost:9002/customers/cust-002/summary?month=2026-08 "HTTP/1.1 200 OK"
07:52:40  INFO     httpx                 HTTP Request: GET http://localhost:9001/customers/cust-002/account "HTTP/1.1 200 OK"
07:52:40  INFO     httpx                 HTTP Request: GET http://localhost:9002/customers/cust-002/monthly?months=4 "HTTP/1.1 200 OK"
07:52:40  INFO     httpx                 HTTP Request: GET http://localhost:9003/budgets/cust-002?month=2026-08 "HTTP/1.1 200 OK"
07:52:40  INFO     httpx                 HTTP Request: GET http://localhost:9002/customers/cust-002/transactions "HTTP/1.1 200 OK"
07:52:40  INFO     httpx                 HTTP Request: GET http://localhost:9002/customers/cust-002/summary?month=2026-05 "HTTP/1.1 200 OK"
07:52:40  INFO     httpx                 HTTP Request: GET http://localhost:9002/customers/cust-002/summary?month=2026-07 "HTTP/1.1 200 OK"
07:52:40  INFO     httpx                 HTTP Request: GET http://localhost:9002/customers/cust-002/transactions?month=2026-08 "HTTP/1.1 200 OK"
07:52:40  INFO     httpx                 HTTP Request: GET http://localhost:9002/customers/cust-002/recurring?months=3 "HTTP/1.1 200 OK"
07:52:40  INFO     httpx                 HTTP Request: GET http://localhost:9002/customers/cust-002/summary?month=2026-06 "HTTP/1.1 200 OK"
07:52:40  INFO     insight-service       GET /insights/cust-002/snapshot -> 200 (8.4ms)
INFO:     127.0.0.1:56292 - "GET /insights/cust-002/snapshot HTTP/1.1" 200 OK
INFO:     127.0.0.1:56303 - "GET /health HTTP/1.1" 200 OK
INFO:     127.0.0.1:56303 - "GET /health HTTP/1.1" 200 OK
INFO:     127.0.0.1:56303 - "GET /health HTTP/1.1" 200 OK
INFO:     127.0.0.1:56303 - "GET /health HTTP/1.1" 200 OK
INFO:     127.0.0.1:56303 - "GET /health HTTP/1.1" 200 OK
INFO:     127.0.0.1:56323 - "GET /health HTTP/1.1" 200 OK
INFO:     127.0.0.1:56323 - "GET /health HTTP/1.1" 200 OK
INFO:     127.0.0.1:56323 - "GET /health HTTP/1.1" 200 OK
INFO:     127.0.0.1:56323 - "GET /health HTTP/1.1" 200 OK
INFO:     127.0.0.1:56340 - "GET /health HTTP/1.1" 200 OK
INFO:     127.0.0.1:56340 - "GET /health HTTP/1.1" 200 OK
INFO:     127.0.0.1:56649 - "GET /health HTTP/1.1" 200 OK
INFO:     127.0.0.1:56649 - "GET /health HTTP/1.1" 200 OK
INFO:     127.0.0.1:56649 - "GET /health HTTP/1.1" 200 OK
INFO:     127.0.0.1:56649 - "GET /health HTTP/1.1" 200 OK
INFO:     127.0.0.1:56649 - "GET /health HTTP/1.1" 200 OK
INFO:     127.0.0.1:56649 - "GET /health HTTP/1.1" 200 OK
INFO:     127.0.0.1:56670 - "GET /health HTTP/1.1" 200 OK
